C++ Worker Engine running on 0.0.0.0:50052
C++ Worker Engine running on 0.0.0.0:50052
C++ Worker Engine running on 0.0.0.0:50052
C++ Worker Engine running on 0.0.0.0:50052
C++ Worker Engine running on 0.0.0.0:50052
C++ Worker Engine running on 0.0.0.0:50052
C++ Worker Engine running on 0.0.0.0:50052
C++ Worker Engine running on 0.0.0.0:50052
[Worker] Room 124726 added to thread 0x16deab000
[Engine] Room 124726 cleaned up.
[Worker] Room 837709 added to thread 0x16deab000
[Engine] Room 837709 cleaned up.
[Worker] Room 564462 added to thread 0x16df37000
[Engine] Room 564462 cleaned up.
[Worker] Room 261734 added to thread 0x16deab000
[Engine] Room 261734 cleaned up.
[Worker] Room 254408 added to thread 0x16deab000
[Engine] Room 254408 cleaned up.
[Worker] Room 099735 added to thread 0x16df37000
[Engine] Room 099735 cleaned up.
[Worker] Room 868385 added to thread 0x16deab000
[Engine] Room 868385 cleaned up.
[Worker] Room 160491 added to thread 0x16deab000
[Engine] Room 160491 cleaned up.
[Worker] Room 396676 added to thread 0x16df37000
[Engine] Room 396676 cleaned up.
[Worker] Room 967311 added to thread 0x16deab000
[Engine] Room 967311 cleaned up.
[Worker] Room 081076 added to thread 0x16df37000
[Engine] Room 081076 cleaned up.
[Worker] Room 000557 added to thread 0x16df37000
[Engine] Room 000557 cleaned up.
C++ Worker Engine running on 0.0.0.0:50052
[Worker] Room 758975 added to thread 0x16fea7000
[Engine] Room 758975 cleaned up.
[Worker] Room 941643 added to thread 0x16fe1b000
[Worker] Room 109738 added to thread 0x16fea7000
[Worker] Room 820462 added to thread 0x16ff33000
[Engine] Room 109738 cleaned up.
[Engine] Room 941643 cleaned up.
[Engine] Room 820462 cleaned up.
[Worker] Room 240623 added to thread 0x16fe1b000
[Worker] Room 596859 added to thread 0x16ffbf000
[Engine] Room 596859 cleaned up.
[Engine] Room 240623 cleaned up.
[Worker] Room 230206 added to thread 0x16fe1b000
[Worker] Room 498384 added to thread 0x16fea7000[Worker] Room 920205
 added to thread 0x16ff33000
[Worker] Room 002524 added to thread 0x17004b000
[Engine] Room 230206 cleaned up.
[Engine] Room 002524 cleaned up.
[Engine] Room 498384 cleaned up.
[Engine] Room 920205 cleaned up.
[Worker] Room 139824 added to thread 0x16fe1b000
[Worker] Room 345122 added to thread 0x1700d7000
[Worker] Room 861751 added to thread 0x16ff33000
[Engine] Room 345122 cleaned up.
[Engine] Room 139824 cleaned up.
[Engine] Room 861751 cleaned up.
C++ Worker Engine running on 0.0.0.0:50052
[Worker] Room 605934 added to thread [Worker] Room 246768 added to thread 0x16db3b000
[Worker] Room 291768 added to thread 0x16dc53000
0x16dbc7000
[Worker] Room 458085 added to thread 0x16daaf000
[Worker] Room 378135 added to thread 0x16db3b000
[Worker] Room 300273 added to thread 0x16db3b000
[Worker] Room 920447 added to thread 0x16db3b000
[Worker] Room 724988 added to thread 0x16dcdf000
[Worker] Room 535801 added to thread 0x16dbc7000
[Worker] Room 083704 added to thread 0x16db3b000
[Worker] Room 162387 added to thread 0x16dcdf000
[Worker] Room 537889 added to thread 0x16ddf7000
[Worker] Room 023378 added to thread 0x16dc53000
[Worker] Room 700862 added to thread 0x16dd6b000
[Worker] Room 505236 added to thread 0x16de83000
[Engine] Room 246768 cleaned up.
[Engine] Room 162387 cleaned up.
[Engine] Room 023378 cleaned up.
[Engine] Room 535801 cleaned up.
[Engine] Room 537889 cleaned up.
[Engine] Room 458085 cleaned up.
[Engine] Room 291768 cleaned up.
[Engine] Room 700862 cleaned up.
[Engine] Room 378135 cleaned up.
[Engine] Room 920447 cleaned up.
[Engine] Room 724988 cleaned up.
[Engine] Room 605934 cleaned up.
[Engine] Room 505236 cleaned up.
[Engine] Room 083704 cleaned up.
[Engine] Room 300273 cleaned up.
[Worker] Room 162110 added to thread 0x16dbc7000
[Worker] Room 581797 added to thread 0x16dbc7000
[Worker] Room 969987 added to thread 0x16dbc7000
[Worker] Room 688406 added to thread 0x16dbc7000
[Worker] Room 269330 added to thread 0x16df0f000
[Worker] Room 411316 added to thread 0x16dbc7000
[Worker] Room 635892 added to thread 0x16df0f000
[Worker] Room 216020 added to thread 0x16df0f000
[Worker] Room 543955 added to thread 0x16df0f000
[Worker] Room 958224 added to thread 0x16daaf000
[Worker] Room 505561 added to thread 0x16df0f000
[Worker] Room 821988 added to thread 0x16df0f000
[Worker] Room 158483 added to thread 0x16db3b000
[Engine] Room 581797 cleaned up.
[Engine] Room 411316 cleaned up.
[Engine] Room 821988 cleaned up.
[Engine] Room 688406 cleaned up.
[Engine] Room 635892 cleaned up.
[Engine] Room 158483 cleaned up.
[Engine] Room 543955 cleaned up.
[Engine] Room 269330 cleaned up.
[Engine] Room 162110 cleaned up.
[Engine] Room 505561 cleaned up.
[Engine] Room 958224 cleaned up.
[Engine] Room 216020 cleaned up.
[Engine] Room 969987 cleaned up.
[Worker] Room 665384 added to thread [Worker] Room 323132 added to thread 0x16dbc7000
0x16df0f000
[Worker] Room 780846 added to thread 0x16daaf000
[Worker] Room 245360 added to thread 0x16dc53000
[Worker] Room 954981 added to thread 0x16dc53000
[Worker] Room 571648 added to thread 0x16df0f000
[Engine] Room 665384 cleaned up.
[Engine] Room 780846 cleaned up.
[Engine] Room 954981 cleaned up.
[Engine] Room 323132 cleaned up.
[Engine] Room 571648 cleaned up.
[Engine] Room 245360 cleaned up.
C++ Worker Engine running on 0.0.0.0:50052
C++ Worker Engine running on 0.0.0.0:50052
[Worker] Room 801245 added to thread 0x16f9e3000
[Worker] Room 631547 added to thread 0x16ff5b000
[Worker] Room 556238 added to thread 0x16fecf000
[Worker] Room 004205 added to thread 0x16f957000
[Worker] Room 183212 added to thread 0x16fafb000
[Worker] Room 139212 added to thread 0x170073000
[Worker] Room 713034 added to thread 0x16fd2b000
[Worker] Room 725259 added to thread 0x16fb87000
[Worker] Room 927734 added to thread 0x16fc9f000
[Worker] Room 456900 added to thread 0x16fe43000
[Worker] Room 242697 added to thread 0x16fa6f000
[Worker] Room 473533 added to thread 0x16ffe7000
[Worker] Room 257676 added to thread 0x16fc13000
[Worker] Room 775363 added to thread 0x1700ff000
[Worker] Room 778017 added to thread 0x16fdb7000
[Worker] Room 535488 added to thread 0x17018b000
[Engine] Room 257676 cleaned up.
[Engine] Room 778017 cleaned up.
[Engine] Room 535488 cleaned up.
[Engine] Room 775363 cleaned up.
[Engine] Room 801245 cleaned up.
[Engine] Room 456900 cleaned up.
[Engine] Room 139212 cleaned up.
[Engine] Room 631547 cleaned up.
[Engine] Room 473533 cleaned up.
[Engine] Room 004205 cleaned up.
[Engine] Room 556238 cleaned up.
[Engine] Room 183212 cleaned up.
[Engine] Room 725259 cleaned up.
[Engine] Room 242697 cleaned up.
[Engine] Room 927734 cleaned up.
[Engine] Room 713034 cleaned up.
[Worker] Room 193873 added to thread 0x16fc13000
[Worker] Room 845264 added to thread 0x170217000
[Worker] Room 705288 added to thread [Worker] Room 893042 added to thread 0x16ffe7000
[Worker] Room 0x16f957000242344 added to thread 0x16fecf000
[Worker] Room [Worker] Room 188318 added to thread 0x16fc9f000
972972 added to thread 0x16fd2b000
[Worker] Room 513860 added to thread 0x1700ff000

[Worker] Room 828415 added to thread 0x16f9e3000
[Worker] Room 747072 added to thread 0x16fafb000
[Worker] Room 875530 added to thread 0x16fb87000
[Worker] Room 147378 added to thread 0x16fdb7000
[Worker] Room 282340 added to thread 0x16ff5b000
[Engine] Room 828415 cleaned up.
[Engine] Room 875530 cleaned up.
[Engine] Room 513860 cleaned up.
[Engine] Room 845264 cleaned up.
[Engine] Room 242344 cleaned up.
[Engine] Room 147378 cleaned up.
[Engine] Room 893042 cleaned up.
[Engine] Room 705288 cleaned up.
[Engine] Room 747072 cleaned up.
[Engine] Room 188318 cleaned up.
[Engine] Room 282340 cleaned up.
[Engine] Room 972972 cleaned up.
[Engine] Room 193873 cleaned up.
[Worker] Room 097532 added to thread 0x17018b000
[Worker] Room 476621 added to thread 0x17018b000
[Worker] Room 421443 added to thread 0x17018b000
[Engine] Room 097532 cleaned up.
[Engine] Room 476621 cleaned up.
[Engine] Room 421443 cleaned up.
C++ Worker Engine running on 0.0.0.0:50052
[Engine] Data dir: /Users/why/Documents/goLang/goServerRemake/./cpp_server/data
[Engine] Working dir: /Users/why/Documents/goLang/goServerRemake/cpp_server
C++ Worker Engine running on 0.0.0.0:50052
[Engine] Data dir: /Users/why/Documents/goLang/goServerRemake/./cpp_server/data
[Engine] Working dir: /Users/why/Documents/goLang/goServerRemake/cpp_server
C++ Worker Engine running on 0.0.0.0:50052
[Engine] Data dir: /Users/why/Documents/goLang/goServerRemake/./cpp_server/data
[Engine] Working dir: /Users/why/Documents/goLang/goServerRemake/cpp_server
C++ Worker Engine running on 0.0.0.0:50052
