C++ Worker Engine running on 0.0.0.0:50053
C++ Worker Engine running on 0.0.0.0:50053
[Worker] Room 213926 added to thread 0x170253000
[Worker] Room 267269 added to thread 0x170253000
[Worker] Room 870248 added to thread 0x1702df000
[Worker] Room 449457 added to thread 0x170253000
[Worker] Room 313085 added to thread 0x1702df000
[Worker] Room 839682 added to thread 0x17036b000
[Worker] Room 049214 added to thread 0x17036b000
[Worker] Room 601146 added to thread 0x17036b000
[Worker] Room 462039 added to thread 0x170253000
[Worker] Room 863750 added to thread 0x170253000
[Worker] Room 029147 added to thread 0x1703f7000
[Engine] Room 601146 cleaned up.
[Engine] Room 267269 cleaned up.
[Engine] Room 213926 cleaned up.
[Engine] Room 863750 cleaned up.
[Engine] Room 313085 cleaned up.
[Engine] Room 449457 cleaned up.
[Engine] Room 839682 cleaned up.
[Engine] Room 029147 cleaned up.
[Engine] Room 049214 cleaned up.
[Engine] Room 870248 cleaned up.
[Engine] Room 462039 cleaned up.
C++ Worker Engine running on 0.0.0.0:50053
C++ Worker Engine running on 0.0.0.0:50053
[Worker] Room 483532 added to thread [Worker] Room 346041 added to thread 0x16dd9f000
0x16dd13000
[Worker] Room 807234 added to thread [Worker] Room 546242[Worker] Room 560230 added to thread  added to thread 0x16df43000
0x16de2b000
[Worker] Room [Worker] Room 536615915433 added to thread  added to thread 0x16e1ff000
0x16dfcf000
[Worker] Room 764920 added to thread 0x16e0e7000
[Worker] Room 035117 added to thread 0x16dd9f000
0x16deb7000
[Worker] Room 261480 added to thread 0x16e05b000
[Worker] Room 758408 added to thread 0x16dbfb000
[Worker] Room 546069 added to thread 0x16dc87000
[Worker] Room 015447 added to thread 0x16e173000
[Engine] Room 483532 cleaned up.
[Engine] Room 764920 cleaned up.
[Engine] Room 346041 cleaned up.
[Engine] Room 758408 cleaned up.
[Engine] Room 035117 cleaned up.
[Engine] Room 560230 cleaned up.
[Engine] Room 807234 cleaned up.
[Engine] Room 261480 cleaned up.
[Engine] Room 546069 cleaned up.
[Engine] Room 915433 cleaned up.
[Engine] Room 536615 cleaned up.
[Engine] Room 015447 cleaned up.
[Engine] Room 546242 cleaned up.
