C++ Worker Engine running on 0.0.0.0:50051
C++ Worker Engine running on 0.0.0.0:50051
C++ Worker Engine running on 0.0.0.0:50051
C++ Worker Engine running on 0.0.0.0:50051
C++ Worker Engine running on 0.0.0.0:50051
C++ Worker Engine running on 0.0.0.0:50051
C++ Worker Engine running on 0.0.0.0:50051
C++ Worker Engine running on 0.0.0.0:50051
[Worker] Room 254709 added to thread 0x16c0ff000
[Engine] Room 254709 cleaned up.
[Worker] Room 251845 added to thread 0x16c0ff000
[Engine] Room 251845 cleaned up.
[Worker] Room 207435 added to thread 0x16c18b000
[Engine] Room 207435 cleaned up.
[Worker] Room 914172 added to thread 0x16c18b000
[Engine] Room 914172 cleaned up.
C++ Worker Engine running on 0.0.0.0:50051
[Worker] Room 996742 added to thread 0x16c47b000
[Worker] Room 459481 added to thread 0x16c3ef000
[Worker] Room 081331 added to thread 0x16c507000
[Engine] Room 459481 cleaned up.
[Engine] Room 996742 cleaned up.
[Engine] Room 081331 cleaned up.
[Worker] Room 806456 added to thread 0x16c47b000
[Engine] Room 806456 cleaned up.
[Worker] Room 127114 added to thread 0x16c47b000
[Worker] Room 943303 added to thread 0x16c593000
[Engine] Room 943303 cleaned up.
[Engine] Room 127114 cleaned up.
[Worker] Room 405412 added to thread 0x16c47b000
[Engine] Room 405412 cleaned up.
[Worker] Room 337171 added to thread 0x16c47b000
[Worker] Room [Worker] Room 154120 added to thread 196233 added to thread 0x16c507000
0x16c3ef000
[Worker] Room 614748 added to thread 0x16c61f000
[Engine] Room 614748 cleaned up.
[Engine] Room 154120 cleaned up.
[Engine] Room 196233 cleaned up.
[Engine] Room 337171 cleaned up.
C++ Worker Engine running on 0.0.0.0:50051
[Worker] Room 359410 added to thread 0x16c5cf000
[Worker] Room 373840 added to thread 0x16c5cf000
[Worker] Room 692270 added to thread 0x16c5cf000
[Worker] Room 416772 added to thread 0x16c5cf000
[Worker] Room 573894 added to thread 0x16c65b000
[Worker] Room 447491 added to thread 0x16c5cf000
[Worker] Room 508814 added to thread 0x16c65b000
[Worker] Room 075807 added to thread 0x16c6e7000
[Worker] Room 433177 added to thread 0x16c773000
[Engine] Room 508814 cleaned up.
[Engine] Room 433177 cleaned up.
[Engine] Room 416772 cleaned up.
[Engine] Room 075807 cleaned up.
[Engine] Room 447491 cleaned up.
[Engine] Room 373840 cleaned up.
[Engine] Room 573894 cleaned up.
[Engine] Room 359410 cleaned up.
[Engine] Room 692270 cleaned up.
[Worker] Room 082241 added to thread 0x16c5cf000
[Worker] Room 730872 added to thread 0x16c7ff000
[Worker] Room 675002 added to thread 0x16c5cf000
[Worker] Room 438576 added to thread 0x16c65b000
[Worker] Room 327441 added to thread 0x16c65b000
[Worker] Room 024031 added to thread 0x16c6e7000
[Worker] Room 277977 added to thread 0x16c5cf000
[Worker] Room 981782 added to thread 0x16c88b000
[Worker] Room 702662 added to thread 0x16c7ff000
[Worker] Room 125795 added to thread 0x16c65b000
[Worker] Room 793458 added to thread 0x16c7ff000
[Engine] Room 981782 cleaned up.
[Engine] Room 793458 cleaned up.
[Engine] Room 082241 cleaned up.
[Engine] Room 327441 cleaned up.
[Engine] Room 024031 cleaned up.
[Engine] Room 125795 cleaned up.
[Engine] Room 702662 cleaned up.
[Engine] Room 675002 cleaned up.
[Engine] Room 438576 cleaned up.
[Engine] Room 730872 cleaned up.
[Engine] Room 277977 cleaned up.
[Worker] Room 615569 added to thread 0x16c7ff000
[Worker] Room 279284 added to thread 0x16c6e7000
[Worker] Room 270059 added to thread 0x16c7ff000
[Worker] Room 066751 added to thread 0x16c7ff000
[Worker] Room 540045 added to thread [Worker] Room 107939 added to thread 0x16c5cf0000x16c7ff000

[Worker] Room 592161 added to thread 0x16c65b000
[Engine] Room 540045 cleaned up.
[Engine] Room 066751 cleaned up.
[Engine] Room 107939 cleaned up.
[Engine] Room 270059 cleaned up.
[Engine] Room 592161 cleaned up.
[Engine] Room 615569 cleaned up.
[Engine] Room 279284 cleaned up.
C++ Worker Engine running on 0.0.0.0:50051
C++ Worker Engine running on 0.0.0.0:50051
[Worker] Room 666217 added to thread 0x16fed3000
[Worker] Room 519556 added to thread 0x16ffeb000
[Worker] Room 386667 added to thread 0x16fe47000
[Worker] Room 444127 added to thread 0x16fdbb000
[Worker] Room 509000 added to thread 0x16fc17000
[Worker] Room 132708 added to thread 0x16fca3000
[Worker] Room 799291 added to thread 0x16ff5f000
[Worker] Room 552781 added to thread 0x16fd2f000
[Engine] Room 509000 cleaned up.
[Engine] Room 799291 cleaned up.
[Engine] Room 132708 cleaned up.
[Engine] Room 666217 cleaned up.
[Engine] Room 386667 cleaned up.
[Engine] Room 552781 cleaned up.
[Engine] Room 444127 cleaned up.
[Engine] Room 519556 cleaned up.
[Worker] Room 736201 added to thread 0x16fed3000
[Worker] Room 938092 added to thread 0x16fed3000
[Worker] Room 119939 added to thread 0x16fed3000
[Worker] Room 344519 added to thread 0x170077000
[Worker] Room 277950 added to thread 0x16fc17000
[Worker] Room 345630 added to thread 0x16fca3000
[Worker] Room 972651 added to thread 0x16fed3000
[Worker] Room 867269 added to thread 0x16fdbb000
[Worker] Room 687800 added to thread 0x170077000
[Worker] Room 891397 added to thread 0x16ffeb000
[Worker] Room 140381 added to thread 0x16fe47000
[Engine] Room 972651 cleaned up.
[Engine] Room 687800 cleaned up.
[Engine] Room 867269 cleaned up.
[Engine] Room 345630 cleaned up.
[Engine] Room 344519 cleaned up.
[Engine] Room 119939 cleaned up.
[Engine] Room 736201 cleaned up.
[Engine] Room 140381 cleaned up.
[Engine] Room 891397 cleaned up.
[Engine] Room 277950 cleaned up.
[Engine] Room 938092 cleaned up.
[Worker] Room 147599 added to thread 0x170103000
[Worker] Room 528290 added to thread 0x16fed3000
[Worker] Room 536592 added to thread 0x16fc17000
[Worker] Room 675871 added to thread 0x170103000
[Worker] Room 369893 added to thread 0x170103000
[Worker] Room 721004 added to thread 0x16fca3000
[Worker] Room 675974 added to thread 0x16fd2f000
[Worker] Room 520329 added to thread 0x16fdbb000
[Engine] Room 675871 cleaned up.
[Engine] Room 675974 cleaned up.
[Engine] Room 369893 cleaned up.
[Engine] Room 721004 cleaned up.
[Engine] Room 536592 cleaned up.
[Engine] Room 147599 cleaned up.
[Engine] Room 528290 cleaned up.
[Engine] Room 520329 cleaned up.
C++ Worker Engine running on 0.0.0.0:50051
Error: Could not open species.json file
Error: Species with ID 6 not found
Error: Could not open species.json file
Error: Species with ID 9 not found
[Engine] Data dir: /Users/why/Documents/goLang/goServerRemake/./cpp_server/data
[Engine] Working dir: /Users/why/Documents/goLang/goServerRemake/cpp_server
C++ Worker Engine running on 0.0.0.0:50051
Error: Could not open species.json file
Error: Species with ID 6 not found
Error: Could not open species.json file
Error: Species with ID 9 not found
[Engine] Data dir: /Users/why/Documents/goLang/goServerRemake/./cpp_server/data
[Engine] Working dir: /Users/why/Documents/goLang/goServerRemake/cpp_server
C++ Worker Engine running on 0.0.0.0:50051
[Engine] Data dir: /Users/why/Documents/goLang/goServerRemake/./cpp_server/data
[Engine] Working dir: /Users/why/Documents/goLang/goServerRemake/cpp_server
C++ Worker Engine running on 0.0.0.0:50051
